
> antigravity@0.0.0 build
> tsc -b && vite build

src/App.tsx(1,8): error TS6133: 'React' is declared but its value is never read.
src/App.tsx(5,10): error TS1484: 'Track' is a type and must be imported using a type-only import when 'verbatimModuleSyntax' is enabled.
src/App.tsx(18,42): error TS6133: 'index' is declared but its value is never read.
src/components/Player.tsx(3,10): error TS1484: 'Track' is a type and must be imported using a type-only import when 'verbatimModuleSyntax' is enabled.
src/components/Sidebar.tsx(4,10): error TS1484: 'Track' is a type and must be imported using a type-only import when 'verbatimModuleSyntax' is enabled.
src/components/TrackList.tsx(1,1): error TS6133: 'React' is declared but its value is never read.
src/components/TrackList.tsx(3,10): error TS1484: 'Track' is a type and must be imported using a type-only import when 'verbatimModuleSyntax' is enabled.
src/utils/audio.ts(2,10): error TS1484: 'Track' is a type and must be imported using a type-only import when 'verbatimModuleSyntax' is enabled.
